{"from":"\u003cfrom@example.com\u003e","to":["\u003cto@example.com\u003e"],"cc":["\u003ccc@example.com\u003e"],"bcc":["\u003cbcc@example.com\u003e"],"subject":"subject","body":"body","history":[{"status":"Queued","at":"2018-12-03T19:32:55.738296751Z"}]}
